data/history/16604914064.csv
time,date,itemid,price,discount,price_before_discount,stock,sold,item_status,cmt_count,liked_count
1657171526,20220707,16604914064,11988000,50%,24184000,9854,62,normal,58,402
1657197499,20220707,16604914064,11988000,50%,24184000,9853,62,normal,58,402
1657209036,20220707,16604914064,11988000,50%,24184000,9852,62,normal,58,402
1657211444,20220707,16604914064,11988000,50%,24184000,9852,59,normal,58,402
1657214745,20220707,16604914064,11988000,50%,24184000,9852,59,normal,58,403
1657218164,20220707,16604914064,11988000,50%,24184000,9851,59,normal,58,404
1657222659,20220707,16604914064,11988000,50%,24184000,9851,59,normal,58,405
1657225168,20220707,16604914064,11988000,50%,24184000,9850,59,normal,58,405
1657228545,20220707,16604914064,11988000,50%,24184000,9849,59,normal,58,405
1657229944,20220707,16604914064,11988000,50%,24184000,9848,59,normal,58,405
1657237255,20220707,16604914064,11988000,50%,24184000,9848,59,normal,58,404
1657245175,20220708,16604914064,11988000,50%,24184000,9843,59,normal,58,404
1657251821,20220708,16604914064,11988000,50%,24184000,9843,59,normal,58,403
1657255266,20220708,16604914064,11988000,50%,24184000,9843,59,normal,58,404
1657283764,20220708,16604914064,11988000,50%,24184000,9843,59,normal,58,405
1657290222,20220708,16604914064,11988000,50%,24184000,9842,59,normal,58,405
1657295066,20220708,16604914064,11988000,50%,24184000,9842,59,normal,58,406
1657304569,20220708,16604914064,11988000,50%,24184000,9842,59,normal,58,407
1657307696,20220708,16604914064,11988000,50%,24184000,9841,59,normal,58,407
1657315029,20220708,16604914064,11988000,50%,24184000,9842,59,normal,58,407
1657316374,20220708,16604914064,11988000,50%,24184000,9842,59,normal,58,408
1657318638,20220708,16604914064,11988000,50%,24184000,9842,59,normal,58,409
1657319994,20220708,16604914064,11988000,50%,24184000,9841,59,normal,58,409
1657330769,20220709,16604914064,11988000,50%,24184000,9841,59,normal,59,410
1657336769,20220709,16604914064,11988000,50%,24184000,9840,59,normal,59,410
1657352312,20220709,16604914064,11988000,50%,24184000,9840,59,normal,59,411
1657354895,20220709,16604914064,11988000,50%,24184000,9840,59,normal,59,412
1657373226,20220709,16604914064,11988000,50%,24184000,9840,59,normal,59,413
1657385541,20220709,16604914064,11988000,50%,24184000,9840,58,normal,59,413
1657394054,20220709,16604914064,11988000,50%,24184000,9841,58,normal,59,413
1657401325,20220709,16604914064,11988000,50%,24184000,9841,58,normal,59,412
1657405054,20220709,16604914064,11988000,50%,24184000,9841,58,normal,59,413
1657418357,20220710,16604914064,11988000,50%,24184000,9841,58,normal,59,413
1657424293,20220710,16604914064,11988000,50%,24184000,9841,58,normal,59,414
1657428864,20220710,16604914064,11988000,50%,24184000,9841,58,normal,59,415
1657471974,20220710,16604914064,11988000,50%,24184000,9841,56,normal,59,415
1657477267,20220710,16604914064,11988000,50%,24184000,9841,56,normal,59,416
1657487738,20220710,16604914064,11988000,50%,24184000,9841,56,normal,59,417
1657495085,20220710,16604914064,11988000,50%,24184000,9841,56,normal,59,418
1657504209,20220711,16604914064,11988000,50%,24184000,9840,56,normal,60,421
1657534926,20220711,16604914064,11988000,50%,24184000,9840,56,normal,60,420
1657556990,20220711,16604914064,11988000,50%,24184000,9844,56,normal,60,418
1657559067,20220711,16604914064,11988000,50%,24184000,9844,54,normal,60,418
1657563802,20220711,16604914064,11988000,50%,24184000,9843,54,normal,60,418
1657570795,20220711,16604914064,11988000,50%,24184000,9843,54,normal,60,420
1657572061,20220711,16604914064,11988000,50%,24184000,9843,54,normal,60,421
1657575564,20220711,16604914064,11988000,50%,24184000,9842,54,normal,60,421
1657577852,20220711,16604914064,11988000,50%,24184000,9841,54,normal,60,421
1657579212,20220711,16604914064,11988000,50%,24184000,9842,54,normal,60,421
1657590987,20220712,16604914064,11988000,50%,24184000,9845,54,normal,60,421
1657598469,20220712,16604914064,11988000,50%,24184000,9845,54,normal,60,422
1657633801,20220712,16604914064,11988000,50%,24184000,9844,54,normal,60,422
1657640617,20220712,16604914064,11988000,50%,24184000,9844,54,normal,60,423
1657646846,20220712,16604914064,11988000,50%,24184000,9843,54,normal,60,423
1657647828,20220712,16604914064,11988000,50%,24184000,9842,54,normal,60,423
1657650184,20220712,16604914064,11988000,50%,24184000,9841,54,normal,60,423
1657653288,20220712,16604914064,11988000,50%,24184000,9841,54,normal,60,424
1657661969,20220712,16604914064,11988000,50%,24184000,9842,54,normal,61,424
1657669197,20220712,16604914064,11988000,50%,24184000,9842,54,normal,61,425
1657676982,20220713,16604914064,11988000,50%,24184000,9842,54,normal,62,427
1657683706,20220713,16604914064,11988000,50%,24184000,9842,54,normal,62,429
1657712277,20220713,16604914064,11988000,50%,24184000,9842,54,normal,62,430
1657721896,20220713,16604914064,11988000,50%,24184000,9841,54,normal,62,430
1657727436,20220713,16604914064,11988000,50%,24184000,9840,54,normal,62,430
1657729855,20220713,16604914064,11988000,50%,24184000,9840,56,normal,62,431
1657731760,20220713,16604914064,11988000,50%,24184000,9839,56,normal,62,432
1657734272,20220713,16604914064,11988000,50%,24184000,9837,56,normal,62,433
1657754287,20220713,16604914064,11988000,50%,24184000,9836,56,normal,62,434
1657763724,20220714,16604914064,11988000,50%,24184000,9836,56,normal,62,435
1657770720,20220714,16604914064,11988000,50%,24184000,9837,56,normal,62,437
1657774301,20220714,16604914064,11988000,50%,24184000,9836,56,normal,62,437
1657779801,20220714,16604914064,11988000,50%,24184000,9836,56,normal,62,438
1657788370,20220714,16604914064,11988000,50%,24184000,9836,56,normal,62,439
1657809885,20220714,16604914064,11988000,50%,24184000,9836,56,normal,62,440
1657812032,20220714,16604914064,11988000,50%,24184000,9835,56,normal,62,440
1657816401,20220714,16604914064,11988000,50%,24184000,9834,56,normal,62,440
1657819746,20220714,16604914064,11988000,50%,24184000,9834,55,normal,62,440
1657821046,20220714,16604914064,11988000,50%,24184000,9833,55,normal,62,440
1657822977,20220714,16604914064,11988000,50%,24184000,9834,55,normal,62,441
1657827432,20220714,16604914064,11988000,50%,24184000,9834,55,normal,62,440
1657838480,20220714,16604914064,11988000,50%,24184000,9834,55,normal,62,441
1657840794,20220714,16604914064,11988000,50%,24184000,9834,55,normal,62,442
1657842060,20220714,16604914064,11988000,50%,24184000,9834,55,normal,62,443
1657850584,20220715,16604914064,11988000,50%,24184000,9834,55,normal,62,444
1657857848,20220715,16604914064,11988000,50%,24184000,9834,55,normal,62,445
1657888682,20220715,16604914064,11988000,50%,24184000,9834,55,normal,62,446
1657892929,20220715,16604914064,11988000,50%,24184000,9834,55,normal,62,447
1657898486,20220715,16604914064,11988000,50%,24184000,9832,55,normal,62,447
1657902538,20220715,16604914064,11988000,50%,24184000,9831,55,normal,62,448
1657904566,20220715,16604914064,11988000,50%,24184000,9831,55,normal,62,449
1657916365,20220715,16604914064,11988000,50%,24184000,9831,55,normal,62,450
1657921235,20220715,16604914064,11988000,50%,24184000,9831,55,normal,62,451
1657936196,20220716,16604914064,11988000,50%,24184000,9832,55,normal,63,451
1657941988,20220716,16604914064,11988000,50%,24184000,9832,55,normal,63,452
1657976552,20220716,16604914064,11988000,50%,24184000,9832,55,normal,63,453
1657986069,20220716,16604914064,11988000,50%,24184000,9832,55,normal,63,454
1657990333,20220716,16604914064,11988000,50%,24184000,9832,52,normal,63,454
1657995656,20220716,16604914064,11988000,50%,24184000,9832,52,normal,63,455
1658002688,20220716,16604914064,11988000,50%,24184000,9832,52,normal,63,456
1658006093,20220716,16604914064,11988000,50%,24184000,9832,52,normal,63,455
1658023014,20220717,16604914064,11988000,50%,24184000,9828,52,normal,63,458
1658029456,20220717,16604914064,11988000,50%,24184000,9828,52,normal,63,460
1658035126,20220717,16604914064,11988000,50%,24184000,9828,52,normal,63,461
1658057810,20220717,16604914064,11988000,50%,24184000,9828,52,normal,63,462
1658075033,20220717,16604914064,11988000,50%,24184000,9827,53,normal,63,462
1658076788,20220717,16604914064,11988000,50%,24184000,9826,53,normal,63,462
1658078238,20220717,16604914064,11988000,50%,24184000,9824,53,normal,63,462
1658079576,20220717,16604914064,11988000,50%,24184000,9823,53,normal,63,463
1658085275,20220717,16604914064,11988000,50%,24184000,9823,53,normal,63,464
1658086626,20220717,16604914064,11988000,50%,24184000,9823,53,normal,63,465
1658093932,20220717,16604914064,11988000,50%,24184000,9822,53,normal,63,466
1658101163,20220717,16604914064,11988000,50%,24184000,9822,53,normal,63,467
1658109265,20220718,16604914064,11988000,50%,24184000,9825,53,normal,63,467
1658128609,20220718,16604914064,11988000,50%,24184000,9825,53,normal,63,468
1658152503,20220718,16604914064,11988000,50%,24184000,9825,53,normal,63,469
1658153984,20220718,16604914064,11988000,50%,24184000,9825,53,normal,63,470
1658166327,20220718,16604914064,11988000,50%,24184000,9825,51,normal,63,471
1658168470,20220718,16604914064,11988000,50%,24184000,9825,51,normal,63,473
1658175537,20220718,16604914064,11988000,50%,24184000,9824,51,normal,63,474
1658178957,20220718,16604914064,11988000,50%,24184000,9824,51,normal,63,475
1658186260,20220718,16604914064,11988000,50%,24184000,9824,51,normal,63,476
1658187605,20220718,16604914064,11988000,50%,24184000,9824,51,normal,63,477
1658196235,20220719,16604914064,11988000,50%,24184000,9823,51,normal,63,478
1658203676,20220719,16604914064,11988000,50%,24184000,9823,51,normal,64,479
1658222429,20220719,16604914064,11988000,50%,24184000,9823,51,normal,64,480
1658234271,20220719,16604914064,12588000,48%,24184000,9823,51,normal,64,480
1658238058,20220719,16604914064,12388000,49%,24184000,100,51,normal,64,479
1658240229,20220719,16604914064,12388000,49%,24184000,99,51,normal,64,479
1658244119,20220719,16604914064,12588000,48%,24184000,9822,51,normal,64,479
1658248108,20220719,16604914064,12588000,48%,24184000,9822,54,normal,64,479
1658252929,20220719,16604914064,12588000,48%,24184000,9821,54,normal,64,479
1658255087,20220719,16604914064,12588000,48%,24184000,9820,54,normal,64,479
1658259420,20220719,16604914064,12588000,48%,24184000,9820,54,normal,64,481
1658266782,20220719,16604914064,12588000,48%,24184000,9819,54,normal,64,481
1658269087,20220719,16604914064,12588000,48%,24184000,9818,54,normal,64,481
1658281775,20220720,16604914064,12588000,48%,24184000,9818,54,normal,64,484
1658295758,20220720,16604914064,12588000,48%,24184000,9818,54,normal,64,483
1658320596,20220720,16604914064,12588000,48%,24184000,9819,54,normal,64,483
1658326953,20220720,16604914064,12588000,48%,24184000,9819,54,normal,64,484
1658330394,20220720,16604914064,12588000,48%,24184000,9819,54,normal,65,484
1658334476,20220720,16604914064,12588000,48%,24184000,9819,56,normal,65,484
1658339059,20220720,16604914064,12588000,48%,24184000,9820,56,normal,65,484
1658341341,20220720,16604914064,12588000,48%,24184000,9821,56,normal,65,484
1658353272,20220720,16604914064,12588000,48%,24184000,9821,56,normal,65,486
1658355466,20220720,16604914064,12588000,48%,24184000,9821,56,normal,65,487
1658356819,20220720,16604914064,12588000,48%,24184000,9821,56,normal,65,488
1658359135,20220720,16604914064,12588000,48%,24184000,9822,56,normal,65,489
1658368308,20220721,16604914064,12588000,48%,24184000,9819,56,normal,65,488
1658374985,20220721,16604914064,12588000,48%,24184000,9819,56,normal,65,491
1658378672,20220721,16604914064,12588000,48%,24184000,9819,56,normal,65,492
1658381312,20220721,16604914064,12588000,48%,24184000,9819,56,normal,65,493
1658414671,20220721,16604914064,12588000,48%,24184000,9819,56,normal,65,494
1658418357,20220721,16604914064,12588000,48%,24184000,9818,56,normal,65,494
1658420771,20220721,16604914064,12588000,48%,24184000,9818,56,normal,65,493
1658422619,20220721,16604914064,12588000,48%,24184000,9818,57,normal,65,493
1658438297,20220721,16604914064,12588000,48%,24184000,9818,57,normal,65,494
1658441882,20220721,16604914064,12588000,48%,24184000,9815,57,normal,65,494
1658454892,20220722,16604914064,12588000,48%,24184000,9815,57,normal,65,494
1658461841,20220722,16604914064,12588000,48%,24184000,9815,57,normal,65,495
1658489918,20220722,16604914064,12588000,48%,24184000,9815,57,normal,66,495
1658503181,20220722,16604914064,12588000,48%,24184000,9815,57,normal,66,496
1658504681,20220722,16604914064,12588000,48%,24184000,9816,57,normal,66,496
1658507421,20220722,16604914064,12588000,48%,24184000,9816,57,normal,67,496
1658509596,20220722,16604914064,12588000,48%,24184000,9816,64,normal,67,496
1658526029,20220722,16604914064,12588000,48%,24184000,9816,64,normal,68,496
1658528406,20220722,16604914064,12588000,48%,24184000,9817,64,normal,68,496
1658529694,20220722,16604914064,12588000,48%,24184000,9816,64,normal,68,496
1658541036,20220723,16604914064,12588000,48%,24184000,9816,64,normal,68,496
1658547367,20220723,16604914064,12588000,48%,24184000,9817,64,normal,68,497
1658579531,20220723,16604914064,12588000,48%,24184000,9815,64,normal,68,497
1658593506,20220723,16604914064,12588000,48%,24184000,9815,65,normal,68,497
1658614636,20220723,16604914064,12588000,48%,24184000,9815,65,normal,69,497
1658627917,20220724,16604914064,12588000,48%,24184000,9814,65,normal,69,498
1658634109,20220724,16604914064,12588000,48%,24184000,9815,65,normal,69,500
1658665984,20220724,16604914064,12588000,48%,24184000,9816,65,normal,69,500
1658669385,20220724,16604914064,12588000,48%,24184000,9816,65,normal,70,500
1658670479,20220724,16604914064,12588000,48%,24184000,9316,65,normal,70,500
1658675918,20220724,16604914064,12588000,48%,24184000,9316,65,normal,70,501
1658679943,20220724,16604914064,12588000,48%,24184000,9316,64,normal,70,501
1658686925,20220724,16604914064,12588000,48%,24184000,9316,64,normal,70,503
1658690115,20220724,16604914064,12588000,48%,24184000,9315,64,normal,70,503
1658701048,20220724,16604914064,12588000,48%,24184000,9315,64,normal,70,504
1658713878,20220725,16604914064,12588000,48%,24184000,9315,64,normal,70,504
1658720917,20220725,16604914064,11888000,51%,24184000,500,64,normal,70,506
1658728061,20220725,16604914064,11888000,51%,24184000,500,64,normal,70,507
1658740727,20220725,16604914064,11888000,51%,24184000,499,64,normal,70,507
1658747824,20220725,16604914064,11888000,51%,24184000,499,64,normal,71,507
1658760004,20220725,16604914064,11888000,51%,24184000,498,64,normal,71,507
1658766405,20220725,16604914064,11888000,51%,24184000,498,65,normal,71,507
1658777974,20220725,16604914064,11888000,51%,24184000,497,65,normal,71,508
1658780320,20220725,16604914064,11888000,51%,24184000,497,65,normal,71,509
1658783756,20220725,16604914064,11888000,51%,24184000,496,65,normal,71,509
1658791135,20220725,16604914064,11888000,51%,24184000,496,65,normal,71,510
1658792438,20220725,16604914064,11888000,51%,24184000,496,65,normal,71,511
1658800825,20220726,16604914064,11888000,51%,24184000,496,65,normal,71,511
1658808628,20220726,16604914064,11888000,51%,24184000,496,65,normal,71,512
1658839025,20220726,16604914064,11888000,51%,24184000,496,65,normal,72,512
1658846352,20220726,16604914064,11888000,51%,24184000,497,65,normal,72,512
1658850399,20220726,16604914064,11888000,51%,24184000,497,65,normal,72,513
1658870159,20220726,16604914064,11888000,51%,24184000,497,65,normal,72,514
1658871539,20220726,16604914064,11888000,51%,24184000,497,65,normal,73,514
1658887044,20220727,16604914064,11888000,51%,24184000,496,65,normal,73,514
1658910274,20220727,16604914064,11888000,51%,24184000,496,65,normal,73,515
1658921854,20220727,16604914064,11888000,51%,24184000,495,65,normal,73,515
1658925665,20220727,16604914064,11888000,51%,24184000,494,65,normal,73,515
1658931475,20220727,16604914064,11888000,51%,24184000,494,65,normal,73,516
1658932801,20220727,16604914064,11888000,51%,24184000,494,65,normal,74,516
1658935219,20220727,16604914064,11888000,51%,24184000,494,65,normal,75,516
1658939316,20220727,16604914064,11888000,51%,24184000,494,70,normal,75,516
1658944007,20220727,16604914064,11888000,51%,24184000,493,70,normal,75,518
1658946128,20220727,16604914064,11888000,51%,24184000,493,70,normal,76,518
1658961763,20220727,16604914064,11888000,51%,24184000,492,70,normal,76,519
1658972990,20220728,16604914064,11888000,51%,24184000,492,70,normal,76,519
1658985980,20220728,16604914064,11888000,51%,24184000,492,70,normal,76,520
1659025820,20220728,16604914064,11888000,51%,24184000,492,68,normal,76,520
1659046673,20220728,16604914064,11888000,51%,24184000,492,68,normal,77,520
1659050411,20220728,16604914064,11888000,51%,24184000,492,68,normal,78,520
1659059949,20220729,16604914064,11888000,51%,24184000,492,68,normal,78,520
1659066863,20220729,16604914064,11888000,51%,24184000,491,68,normal,78,520
1659101987,20220729,16604914064,11888000,51%,24184000,491,68,normal,79,520
1659104163,20220729,16604914064,11888000,51%,24184000,491,68,normal,80,520
1659108179,20220729,16604914064,11888000,51%,24184000,490,68,normal,80,520
1659112065,20220729,16604914064,11888000,51%,24184000,490,71,normal,80,520
1659145796,20220730,16604914064,11888000,51%,24184000,490,71,normal,80,520
1659159614,20220730,16604914064,11888000,51%,24184000,490,71,normal,81,520
1659198250,20220730,16604914064,11888000,51%,24184000,489,72,normal,81,520
1659208452,20220730,16604914064,11888000,51%,24184000,489,72,normal,81,521
1659219393,20220730,16604914064,11888000,51%,24184000,489,72,normal,81,522
1659223039,20220730,16604914064,11888000,51%,24184000,489,72,normal,81,523
1659232969,20220731,16604914064,11888000,51%,24184000,489,72,normal,81,524
1659239385,20220731,16604914064,11888000,51%,24184000,489,72,normal,81,525
1659280682,20220731,16604914064,11888000,51%,24184000,488,72,normal,81,525
1659282111,20220731,16604914064,11888000,51%,24184000,488,72,normal,81,526
1659284616,20220731,16604914064,11888000,51%,24184000,488,72,normal,81,527
1659286372,20220731,16604914064,11888000,51%,24184000,488,70,normal,81,527
