data/history/16604914064.csv
time,date,itemid,price,discount,price_before_discount,stock,sold,item_status,cmt_count,liked_count
1661963229,20220831,16604914064,12092000,50%,24184000,9763,60,normal,118,619
1661973337,20220831,16604914064,12092000,50%,24184000,9763,62,normal,118,619
1661987960,20220831,16604914064,12092000,50%,24184000,9763,62,normal,119,619
1661997343,20220901,16604914064,12092000,50%,24184000,9763,62,normal,119,619
1662035868,20220901,16604914064,12092000,50%,24184000,9763,62,normal,119,621
1662059710,20220901,16604914064,12092000,50%,24184000,9763,60,normal,119,621
1662070732,20220901,16604914064,12092000,50%,24184000,9763,60,normal,119,622
1662084122,20220902,16604914064,12092000,50%,24184000,9763,60,normal,119,622
1662092743,20220902,16604914064,12092000,50%,24184000,9763,60,normal,119,621
1662122215,20220902,16604914064,12092000,50%,24184000,9762,60,normal,119,621
1662154800,20220902,16604914064,12092000,50%,24184000,9762,60,normal,120,621
1662157140,20220902,16604914064,12092000,50%,24184000,9762,60,normal,121,621
1662160742,20220902,16604914064,12092000,50%,24184000,9761,60,normal,121,621
1662170749,20220903,16604914064,12092000,50%,24184000,9760,60,normal,121,621
1662178233,20220903,16604914064,12092000,50%,24184000,9760,60,normal,121,622
1662212906,20220903,16604914064,12092000,50%,24184000,9760,60,normal,121,623
1662232565,20220903,16604914064,12092000,50%,24184000,9760,59,normal,121,623
1662239801,20220903,16604914064,12092000,50%,24184000,9760,59,normal,121,624
1662256970,20220904,16604914064,12092000,50%,24184000,9760,59,normal,121,625
1662308725,20220904,16604914064,12092000,50%,24184000,9760,59,normal,121,626
1662322820,20220904,16604914064,12092000,50%,24184000,9760,56,normal,121,626
1662331286,20220904,16604914064,12092000,50%,24184000,9760,56,normal,121,627
1662343773,20220905,16604914064,12092000,50%,24184000,9760,56,normal,121,627
1662392689,20220905,16604914064,12092000,50%,24184000,9760,56,normal,122,627
1662406644,20220905,16604914064,12092000,50%,24184000,9760,53,normal,122,627
1662416376,20220905,16604914064,12092000,50%,24184000,9761,53,normal,122,627
1662417756,20220905,16604914064,12092000,50%,24184000,9761,53,normal,122,628
1662430274,20220906,16604914064,12092000,50%,24184000,9761,53,normal,122,627
1662459722,20220906,16604914064,12092000,50%,24184000,9761,53,normal,122,628
1662493053,20220906,16604914064,12092000,50%,24184000,9761,54,normal,122,628
1662516551,20220907,16604914064,12092000,50%,24184000,9761,54,normal,122,628
1662582200,20220907,16604914064,12092000,50%,24184000,9761,53,normal,122,628
1662593120,20220907,16604914064,12092000,50%,24184000,9761,53,normal,122,629
1662602765,20220908,16604914064,12092000,50%,24184000,9761,53,normal,122,629
1662646775,20220908,16604914064,12092000,50%,24184000,9761,53,normal,122,628
1662661686,20220908,16604914064,12092000,50%,24184000,9761,53,normal,122,627
1662663190,20220908,16604914064,12092000,50%,24184000,9760,53,normal,122,627
1662664633,20220908,16604914064,12092000,50%,24184000,9760,54,normal,122,627
1662665956,20220908,16604914064,12092000,50%,24184000,9759,54,normal,122,627
1662668570,20220908,16604914064,12092000,50%,24184000,9759,54,normal,122,628
1662671900,20220908,16604914064,12092000,50%,24184000,9761,54,normal,122,628
1662680797,20220908,16604914064,12092000,50%,24184000,9761,54,normal,122,629
1662689393,20220909,16604914064,12092000,50%,24184000,9759,54,normal,122,629
1662696864,20220909,16604914064,12092000,50%,24184000,9758,54,normal,122,630
1662702038,20220909,16604914064,12092000,50%,24184000,9758,54,normal,122,629
1662747950,20220909,16604914064,12092000,50%,24184000,9758,54,normal,122,630
1662754910,20220909,16604914064,12092000,50%,24184000,9757,49,normal,122,631
1662763465,20220909,16604914064,12092000,50%,24184000,9756,49,normal,122,631
1662775738,20220910,16604914064,12092000,50%,24184000,9756,49,normal,122,630
1662783763,20220910,16604914064,12092000,50%,24184000,9757,49,normal,122,631
1662816811,20220910,16604914064,12092000,50%,24184000,9757,49,normal,123,632
1662838684,20220910,16604914064,12092000,50%,24184000,9757,48,normal,123,632
1662841220,20220910,16604914064,12092000,50%,24184000,9758,48,normal,123,632
1662861992,20220911,16604914064,12092000,50%,24184000,9758,48,normal,123,632
1662925085,20220911,16604914064,12092000,50%,24184000,9758,46,normal,123,632
1662948975,20220912,16604914064,12092000,50%,24184000,9758,46,normal,123,632
1662957402,20220912,16604914064,12092000,50%,24184000,9758,46,normal,123,633
1662986631,20220912,16604914064,12092000,50%,24184000,9758,46,normal,123,634
1663014110,20220912,16604914064,12092000,50%,24184000,9758,45,normal,123,634
1663019002,20220912,16604914064,12092000,50%,24184000,9758,45,normal,124,635
1663034974,20220913,16604914064,12092000,50%,24184000,9758,45,normal,125,635
1663064584,20220913,16604914064,12092000,50%,24184000,9758,45,normal,125,634
1663072961,20220913,16604914064,12092000,50%,24184000,9758,45,normal,126,634
1663097946,20220913,16604914064,12092000,50%,24184000,9758,46,normal,126,634
1663109110,20220913,16604914064,12092000,50%,24184000,9757,46,normal,126,634
1663121111,20220914,16604914064,12092000,50%,24184000,9756,46,normal,126,634
1663129484,20220914,16604914064,12092000,50%,24184000,9756,46,normal,126,633
1663184388,20220914,16604914064,12092000,50%,24184000,9756,45,normal,126,633
1663208376,20220915,16604914064,12092000,50%,24184000,9757,45,normal,126,633
1663267858,20220915,16604914064,12092000,50%,24184000,9757,45,normal,127,633
1663269404,20220915,16604914064,12092000,50%,24184000,9757,43,normal,127,633
1663284205,20220915,16604914064,12092000,50%,24184000,9757,43,normal,128,633
1663285634,20220915,16604914064,12092000,50%,24184000,9756,43,normal,128,633
1663294806,20220916,16604914064,12092000,50%,24184000,9756,43,normal,128,633
1663336266,20220916,16604914064,12092000,50%,24184000,9755,43,normal,128,634
1663343193,20220916,16604914064,12092000,50%,24184000,9755,43,normal,129,634
1663355898,20220916,16604914064,12092000,50%,24184000,9755,41,normal,129,634
1663364552,20220916,16604914064,12092000,50%,24184000,9755,41,normal,130,634
1663366938,20220916,16604914064,12092000,50%,24184000,9755,41,normal,130,635
1663379965,20220917,16604914064,12092000,50%,24184000,9754,41,normal,130,635
1663421659,20220917,16604914064,12092000,50%,24184000,9755,41,normal,130,635
1663443496,20220917,16604914064,12092000,50%,24184000,9755,39,normal,130,635
1663467891,20220918,16604914064,12092000,50%,24184000,9755,39,normal,130,635
1663492738,20220918,16604914064,12092000,50%,24184000,9748,39,normal,130,635
1663528565,20220918,16604914064,12092000,50%,24184000,9748,40,normal,130,635
1663539568,20220918,16604914064,12092000,50%,24184000,9747,40,normal,130,635
1663553674,20220919,16604914064,12092000,50%,24184000,9747,40,normal,130,635
1663595479,20220919,16604914064,12092000,50%,24184000,9746,40,normal,130,635
1663610239,20220919,16604914064,12092000,50%,24184000,9745,40,normal,130,635
1663616419,20220919,16604914064,12092000,50%,24184000,9745,39,normal,130,635
1663639546,20220920,16604914064,12092000,50%,24184000,9745,39,normal,130,635
1663653081,20220920,16604914064,12092000,50%,24184000,9745,39,normal,130,636
1663693476,20220920,16604914064,12092000,50%,24184000,9745,39,normal,130,637
1663705336,20220920,16604914064,12092000,50%,24184000,9745,37,normal,130,637
1663726870,20220921,16604914064,12092000,50%,24184000,9745,37,normal,130,637
1663753645,20220921,16604914064,12092000,50%,24184000,9745,37,normal,131,637
1663775274,20220921,16604914064,12092000,50%,24184000,9744,37,normal,131,637
1663786664,20220921,16604914064,12092000,50%,24184000,9744,37,normal,131,638
1663788101,20220921,16604914064,12092000,50%,24184000,9744,39,normal,131,638
1663812346,20220922,16604914064,12092000,50%,24184000,9744,39,normal,131,638
1663858115,20220922,16604914064,12092000,50%,24184000,9744,39,normal,132,638
1663861718,20220922,16604914064,12092000,50%,24184000,9745,39,normal,132,638
1663864184,20220922,16604914064,12092000,50%,24184000,9744,39,normal,132,638
1663872717,20220922,16604914064,12092000,50%,24184000,9744,39,normal,133,638
1663874268,20220922,16604914064,12092000,50%,24184000,9744,38,normal,133,638
1663899062,20220923,16604914064,12092000,50%,24184000,9744,38,normal,133,638
1663976850,20220923,16604914064,12092000,50%,24184000,9744,38,normal,133,639
1663985383,20220924,16604914064,12092000,50%,24184000,9745,38,normal,134,639
1664026540,20220924,16604914064,12092000,50%,24184000,9745,38,normal,134,640
1664046964,20220924,16604914064,12092000,50%,24184000,9745,37,normal,134,640
1664071770,20220925,16604914064,12092000,50%,24184000,9745,37,normal,134,640
1664109428,20220925,16604914064,12092000,50%,24184000,9745,37,normal,134,639
1664120771,20220925,16604914064,12092000,50%,24184000,9745,37,normal,135,639
1664137281,20220925,16604914064,12092000,50%,24184000,9745,31,normal,135,639
1664158221,20220926,16604914064,12092000,50%,24184000,9745,31,normal,135,639
1664189264,20220926,16604914064,12092000,50%,24184000,9744,31,normal,135,639
1664209835,20220926,16604914064,12092000,50%,24184000,9743,31,normal,135,639
1664218588,20220926,16604914064,12092000,50%,24184000,9743,31,normal,135,638
1664221236,20220926,16604914064,12092000,50%,24184000,9743,28,normal,135,638
1664244306,20220927,16604914064,12092000,50%,24184000,9743,28,normal,135,639
1664330756,20220928,16604914064,12092000,50%,24184000,9743,28,normal,135,639
1664394133,20220928,16604914064,12092000,50%,24184000,9743,29,normal,135,639
1664417582,20220929,16604914064,12092000,50%,24184000,9743,29,normal,135,639
1664479620,20220929,16604914064,12092000,50%,24184000,9743,30,normal,135,639
1664505778,20220930,16604914064,12092000,50%,24184000,9743,30,normal,135,639
1664569434,20220930,16604914064,12092000,50%,24184000,9743,28,normal,135,639
1664591145,20221001,16604914064,12092000,50%,24184000,9743,28,normal,135,639
1664641761,20221001,16604914064,12092000,50%,24184000,9743,28,normal,135,640
1664655746,20221001,16604914064,12092000,50%,24184000,9743,25,normal,135,640
1664676759,20221002,16604914064,12092000,50%,24184000,9743,25,normal,135,640
1664742164,20221002,16604914064,12092000,50%,24184000,9743,22,normal,135,640
1664750742,20221002,16604914064,12092000,50%,24184000,9742,22,normal,135,640
1664761869,20221003,16604914064,12092000,50%,24184000,9742,22,normal,135,640
1664768170,20221003,16604914064,12092000,50%,24184000,9742,22,normal,135,639
1664826169,20221003,16604914064,12092000,50%,24184000,9742,20,normal,135,639
1664835757,20221003,16604914064,12092000,50%,24184000,9741,20,normal,135,639
1664848839,20221004,16604914064,12092000,50%,24184000,9741,20,normal,135,639
1664879030,20221004,16604914064,12092000,50%,24184000,9741,20,normal,135,640
1664935148,20221005,16604914064,12092000,50%,24184000,9741,20,normal,135,640
1664999351,20221005,16604914064,12092000,50%,24184000,9741,19,normal,135,640
1665021162,20221006,16604914064,12092000,50%,24184000,9740,19,normal,135,640
1665108291,20221007,16604914064,12092000,50%,24184000,9741,19,normal,135,641
1665171734,20221007,16604914064,12092000,50%,24184000,9741,20,normal,135,641
1665193701,20221008,16604914064,12092000,50%,24184000,9741,20,normal,135,641
1665236510,20221008,16604914064,12092000,50%,24184000,9741,20,normal,135,642
1665238977,20221008,16604914064,12092000,50%,24184000,9741,20,normal,136,642
1665281131,20221009,16604914064,12092000,50%,24184000,9741,20,normal,136,642
1665295051,20221009,16604914064,12092000,50%,24184000,9740,20,normal,136,642
1665330568,20221009,16604914064,12092000,50%,24184000,9740,20,normal,136,643
1665332973,20221009,16604914064,12092000,50%,24184000,9740,20,normal,136,642
1665343101,20221009,16604914064,12092000,50%,24184000,9740,21,normal,136,642
1665350347,20221009,16604914064,12092000,50%,24184000,9739,21,normal,136,642
1665367661,20221010,16604914064,12092000,50%,24184000,9739,21,normal,136,642
1665433455,20221010,16604914064,12092000,50%,24184000,9739,20,normal,136,642
1665440598,20221010,16604914064,12092000,50%,24184000,9738,20,normal,136,642
1665453758,20221011,16604914064,12092000,50%,24184000,9738,20,normal,136,642
1665462162,20221011,16604914064,12092000,50%,24184000,9738,20,normal,136,641
1665541233,20221012,16604914064,12092000,50%,24184000,9738,20,normal,136,641
1665626803,20221013,16604914064,12092000,50%,24184000,9738,20,normal,136,641
1665678783,20221013,16604914064,12092000,50%,24184000,9738,20,normal,136,640
1665689047,20221013,16604914064,12092000,50%,24184000,9738,19,normal,136,640
1665714184,20221014,16604914064,12092000,50%,24184000,9738,19,normal,136,641
1665727709,20221014,16604914064,12092000,50%,24184000,9738,19,normal,136,642
1665736234,20221014,16604914064,12092000,50%,24184000,9538,19,normal,136,642
1665799884,20221015,16604914064,12092000,50%,24184000,9538,19,normal,136,642
1665862845,20221015,16604914064,12092000,50%,24184000,9538,19,normal,136,643
1665865370,20221015,16604914064,12092000,50%,24184000,9538,18,normal,136,643
1665886959,20221016,16604914064,12092000,50%,24184000,9538,18,normal,136,643
1665949253,20221016,16604914064,12092000,50%,24184000,9538,17,normal,136,643
1665964235,20221016,16604914064,12092000,50%,24184000,9538,17,normal,136,644
1665973539,20221017,16604914064,12092000,50%,24184000,9538,17,normal,136,644
1665981703,20221017,16604914064,11800000,51%,24184000,200,17,normal,136,644
1666038272,20221017,16604914064,11800000,51%,24184000,200,15,normal,136,644
1666049190,20221017,16604914064,11800000,51%,24184000,200,15,normal,137,645
1666059070,20221018,16604914064,11800000,51%,24184000,200,15,normal,137,645
1666067421,20221018,16604914064,11800000,51%,24184000,200,15,normal,138,646
1666097359,20221018,16604914064,11800000,51%,24184000,198,15,normal,138,646
1666106866,20221018,16604914064,11800000,51%,24184000,198,15,normal,138,645
1666121137,20221018,16604914064,11800000,51%,24184000,198,17,normal,138,645
1666133361,20221018,16604914064,11800000,51%,24184000,197,17,normal,138,645
1666145247,20221019,16604914064,11800000,51%,24184000,196,17,normal,138,645
1666208873,20221019,16604914064,11800000,51%,24184000,196,16,normal,138,645
1666231666,20221020,16604914064,11800000,51%,24184000,196,16,normal,138,645
1666317056,20221021,16604914064,11800000,51%,24184000,196,16,normal,138,645
1666381419,20221021,16604914064,11800000,51%,24184000,196,14,normal,138,645
1666383906,20221021,16604914064,11800000,51%,24184000,195,14,normal,138,645
1666394767,20221021,16604914064,11800000,51%,24184000,195,14,normal,138,646
1666404007,20221022,16604914064,11800000,51%,24184000,195,14,normal,138,648
1666467670,20221022,16604914064,11800000,51%,24184000,195,13,normal,138,648
1666490815,20221023,16604914064,11800000,51%,24184000,195,13,normal,138,648
1666540176,20221023,16604914064,11800000,51%,24184000,195,13,normal,138,649
1666542639,20221023,16604914064,11800000,51%,24184000,195,13,normal,138,650
1666552761,20221023,16604914064,11800000,51%,24184000,194,13,normal,138,650
1666556621,20221023,16604914064,11800000,51%,24184000,194,12,normal,138,650
1666578317,20221024,16604914064,11800000,51%,24184000,194,12,normal,138,650
1666586400,20221024,16604914064,11800000,51%,24184000,200,12,normal,138,650
1666600659,20221024,16604914064,11800000,51%,24184000,200,12,normal,138,651
1666604009,20221024,16604914064,11500000,52%,24184000,50,12,normal,138,651
1666607318,20221024,16604914064,11500000,52%,24184000,50,12,normal,138,652
1666620102,20221024,16604914064,11800000,51%,24184000,200,12,normal,138,652
1666640901,20221024,16604914064,11800000,51%,24184000,200,11,normal,138,652
1666664363,20221025,16604914064,11800000,51%,24184000,200,11,normal,138,651
1666672573,20221025,16604914064,11500000,52%,24184000,50,11,normal,138,651
1666690375,20221025,16604914064,11800000,51%,24184000,200,11,normal,138,651
1666740172,20221025,16604914064,11500000,52%,24184000,50,11,normal,138,651
1666749329,20221026,16604914064,11800000,51%,24184000,200,11,normal,138,653
1666811742,20221026,16604914064,11800000,51%,24184000,200,14,normal,138,653
1666826571,20221026,16604914064,11800000,51%,24184000,199,14,normal,138,653
1666835584,20221027,16604914064,11800000,51%,24184000,199,14,normal,138,653
1666874685,20221027,16604914064,11800000,51%,24184000,199,14,normal,139,653
1666898260,20221027,16604914064,11800000,51%,24184000,199,15,normal,139,653
1666905448,20221027,16604914064,11500000,52%,24184000,50,15,normal,139,653
1666909158,20221027,16604914064,11500000,52%,24184000,50,15,normal,139,654
1666910588,20221027,16604914064,11500000,52%,24184000,49,15,normal,139,655
1666913069,20221027,16604914064,11800000,51%,24184000,199,15,normal,139,656
1666922463,20221028,16604914064,11800000,51%,24184000,199,15,normal,139,656
1666938344,20221028,16604914064,11800000,51%,24184000,198,15,normal,139,656
1666988509,20221028,16604914064,11800000,51%,24184000,198,14,normal,139,656
1667007954,20221029,16604914064,11800000,51%,24184000,198,14,normal,139,656
1667014620,20221029,16604914064,11500000,52%,24184000,50,14,normal,139,657
1667018209,20221029,16604914064,11500000,52%,24184000,50,14,normal,139,658
1667035119,20221029,16604914064,11800000,51%,24184000,198,14,normal,139,658
1667064131,20221029,16604914064,11500000,52%,24184000,50,14,normal,139,658
1667067799,20221029,16604914064,11500000,52%,24184000,50,14,normal,139,659
1667069235,20221029,16604914064,11500000,52%,24184000,50,14,normal,139,658
1667070911,20221029,16604914064,11800000,51%,24184000,198,14,normal,139,659
1667095472,20221030,16604914064,11800000,51%,24184000,198,14,normal,139,659
1667181993,20221031,16604914064,11800000,51%,24184000,198,14,normal,139,659
1667188430,20221031,16604914064,11500000,52%,24184000,50,14,normal,139,659
1667191948,20221031,16604914064,11800000,51%,24184000,500,14,normal,139,659
1667194458,20221031,16604914064,11500000,52%,24184000,50,14,normal,139,659
1667208212,20221031,16604914064,11800000,51%,24184000,500,14,normal,139,659
1667224322,20221031,16604914064,11500000,52%,24184000,50,14,normal,139,659
