data/history/16604914064.csv
time,date,itemid,price,discount,price_before_discount,stock,sold,item_status,cmt_count,liked_count
1667226488,20221031,16604914064,11800000,51%,24184000,500,14,normal,139,659
1667229677,20221031,16604914064,11500000,52%,24184000,50,14,normal,139,659
1667233842,20221031,16604914064,11800000,51%,24184000,500,14,normal,139,659
1667237714,20221031,16604914064,11500000,52%,24184000,50,14,normal,139,659
1667240832,20221031,16604914064,11800000,51%,24184000,500,14,normal,139,659
1667268782,20221101,16604914064,11500000,52%,24184000,50,14,normal,139,659
1667276371,20221101,16604914064,11800000,51%,24184000,500,14,normal,139,660
1667354512,20221102,16604914064,11800000,51%,24184000,500,14,normal,139,661
1667362046,20221102,16604914064,11500000,52%,24184000,50,14,normal,139,661
1667380775,20221102,16604914064,11800000,51%,24184000,500,14,normal,139,661
1667424003,20221102,16604914064,11500000,52%,24184000,50,14,normal,139,661
1667431301,20221102,16604914064,11800000,51%,24184000,500,14,normal,139,663
1667440143,20221103,16604914064,11800000,51%,24184000,500,14,normal,139,663
1667446525,20221103,16604914064,11500000,52%,24184000,50,14,normal,139,663
1667467153,20221103,16604914064,11800000,51%,24184000,500,14,normal,139,663
1667489234,20221103,16604914064,11500000,52%,24184000,50,14,normal,139,663
1667496090,20221103,16604914064,11800000,51%,24184000,500,14,normal,139,663
1667513806,20221103,16604914064,11800000,51%,24184000,500,14,normal,139,662
1667526882,20221104,16604914064,11800000,51%,24184000,500,14,normal,139,662
1667558590,20221104,16604914064,11800000,51%,24184000,500,14,normal,139,663
1667612814,20221105,16604914064,11800000,51%,24184000,500,14,normal,139,663
1667679716,20221105,16604914064,11800000,51%,24184000,500,13,normal,139,663
1667699357,20221106,16604914064,11800000,51%,24184000,500,13,normal,139,663
1667726338,20221106,16604914064,11500000,52%,24184000,50,13,normal,139,663
1667741358,20221106,16604914064,11800000,51%,24184000,500,13,normal,139,663
1667769393,20221106,16604914064,11500000,52%,24184000,50,13,normal,139,663
1667773092,20221106,16604914064,11500000,52%,24184000,50,13,normal,139,664
1667774508,20221106,16604914064,11500000,52%,24184000,50,13,normal,139,665
1667776779,20221106,16604914064,11800000,51%,24184000,500,13,normal,139,665
1667785474,20221107,16604914064,11800000,51%,24184000,500,13,normal,139,664
1667838398,20221107,16604914064,11800000,51%,24184000,500,13,normal,139,665
1667842326,20221107,16604914064,11500000,52%,24184000,50,13,normal,139,665
1667845419,20221107,16604914064,11500000,52%,24184000,50,13,normal,139,667
1667848511,20221107,16604914064,11800000,51%,24184000,500,13,normal,139,667
1667852519,20221107,16604914064,11800000,51%,24184000,500,12,normal,139,667
1667871851,20221108,16604914064,11800000,51%,24184000,498,12,normal,139,667
1667928305,20221108,16604914064,11800000,51%,24184000,497,12,normal,139,667
1667938910,20221108,16604914064,11800000,51%,24184000,497,11,normal,139,667
1667958875,20221109,16604914064,11800000,51%,24184000,497,11,normal,139,667
1667985550,20221109,16604914064,11500000,52%,24184000,50,11,normal,139,667
1667990622,20221109,16604914064,11500000,52%,24184000,50,11,normal,139,668
1668001582,20221109,16604914064,11800000,51%,24184000,497,11,normal,139,668
1668044851,20221110,16604914064,11800000,51%,24184000,497,11,normal,139,668
1668109028,20221110,16604914064,11800000,51%,24184000,497,13,normal,139,668
1668131248,20221111,16604914064,11800000,51%,24184000,497,13,normal,139,668
1668137651,20221111,16604914064,11500000,52%,24184000,50,13,normal,139,668
1668141413,20221111,16604914064,11800000,51%,24184000,497,13,normal,139,668
1668144139,20221111,16604914064,11500000,52%,24184000,50,13,normal,139,668
1668149717,20221111,16604914064,11500000,52%,24184000,50,13,normal,139,669
1668151081,20221111,16604914064,11500000,52%,24184000,50,13,normal,139,670
1668155223,20221111,16604914064,11500000,52%,24184000,50,13,normal,139,671
1668158330,20221111,16604914064,11800000,51%,24184000,497,13,normal,139,672
1668180041,20221111,16604914064,11500000,52%,24184000,50,13,normal,139,672
1668184015,20221111,16604914064,11800000,51%,24184000,497,13,normal,139,672
1668194171,20221111,16604914064,11500000,52%,24184000,50,14,normal,139,672
1668195430,20221111,16604914064,11500000,52%,24184000,50,13,normal,139,672
1668198003,20221111,16604914064,11800000,51%,24184000,497,14,normal,139,672
1668217417,20221112,16604914064,11800000,51%,24184000,497,14,normal,139,672
1668223420,20221112,16604914064,11500000,52%,24184000,50,14,normal,139,672
1668225968,20221112,16604914064,11500000,52%,24184000,50,14,normal,139,673
1668237449,20221112,16604914064,11500000,52%,24184000,49,14,normal,139,674
1668241409,20221112,16604914064,11500000,52%,24184000,49,14,normal,139,675
1668244709,20221112,16604914064,11800000,51%,24184000,497,14,normal,139,676
1668284348,20221112,16604914064,11800000,51%,24184000,497,13,normal,139,676
1668303745,20221113,16604914064,11800000,51%,24184000,497,13,normal,139,676
1668309961,20221113,16604914064,11500000,52%,24184000,50,13,normal,139,676
1668315338,20221113,16604914064,11500000,52%,24184000,50,13,normal,139,677
1668325115,20221113,16604914064,11500000,52%,24184000,50,13,normal,139,678
1668338130,20221113,16604914064,11500000,52%,24184000,50,13,normal,140,679
1668339443,20221113,16604914064,11500000,52%,24184000,50,13,normal,140,678
1668342901,20221113,16604914064,11500000,52%,24184000,50,13,normal,140,679
1668346190,20221113,16604914064,11800000,51%,24184000,497,13,normal,140,680
1668368232,20221113,16604914064,11800000,51%,24184000,497,15,normal,140,680
1668390176,20221114,16604914064,11800000,51%,24184000,497,15,normal,140,680
1668396419,20221114,16604914064,11800000,51%,24184000,500,15,normal,140,680
1668425919,20221114,16604914064,11800000,51%,24184000,500,15,normal,140,681
1668476423,20221115,16604914064,11800000,51%,24184000,500,15,normal,140,681
1668543567,20221115,16604914064,11800000,51%,24184000,500,14,normal,140,681
1668562904,20221116,16604914064,11800000,51%,24184000,500,14,normal,140,681
1668627446,20221116,16604914064,11800000,51%,24184000,500,15,normal,140,681
1668649241,20221117,16604914064,11800000,51%,24184000,500,15,normal,140,681
1668716336,20221117,16604914064,11800000,51%,24184000,500,12,normal,140,681
1668735873,20221118,16604914064,11800000,51%,24184000,500,12,normal,140,681
1668821998,20221119,16604914064,11800000,51%,24184000,500,12,normal,140,681
1668833122,20221119,16604914064,11800000,51%,24184000,500,12,normal,141,681
1668864375,20221119,16604914064,11800000,51%,24184000,499,12,normal,141,681
1668886640,20221119,16604914064,11800000,51%,24184000,499,13,normal,141,681
1668908688,20221120,16604914064,11800000,51%,24184000,499,13,normal,141,681
1668955078,20221120,16604914064,11800000,51%,24184000,499,13,normal,142,681
1668968444,20221120,16604914064,11800000,51%,24184000,499,13,normal,142,680
1668994892,20221121,16604914064,11800000,51%,24184000,499,13,normal,142,680
1669000617,20221121,16604914064,11800000,51%,24184000,500,13,normal,142,680
1669350507,20221125,16604914064,11500000,52%,24184000,200,14,normal,143,679
1669403761,20221125,16604914064,11500000,52%,24184000,200,12,normal,143,679
1669427069,20221126,16604914064,11500000,52%,24184000,200,12,normal,143,679
1669433232,20221126,16604914064,12092000,50%,24184000,10010,12,normal,143,679
1669514074,20221127,16604914064,12092000,50%,24184000,10010,12,normal,143,679
1669600043,20221128,16604914064,12092000,50%,24184000,10010,12,normal,143,678
1669604382,20221128,16604914064,12092000,50%,24184000,10110,12,normal,143,678
1669655970,20221128,16604914064,12092000,50%,24184000,10110,12,normal,143,679
1669664319,20221128,16604914064,12092000,50%,24184000,10110,11,normal,143,679
1669668008,20221128,16604914064,12092000,50%,24184000,10110,11,normal,143,680
1669686415,20221129,16604914064,12092000,50%,24184000,10110,11,normal,143,680
1669690557,20221129,16604914064,12092000,50%,24184000,10110,11,normal,143,681
1669772895,20221130,16604914064,12092000,50%,24184000,10110,11,normal,144,681
1669776830,20221130,16604914064,12092000,50%,24184000,10105,11,normal,144,681
1669800041,20221130,16604914064,12092000,50%,24184000,10005,11,normal,144,681
1669835816,20221130,16604914064,12092000,50%,24184000,10005,12,normal,144,681
1669860040,20221201,16604914064,12092000,50%,24184000,10005,12,normal,144,681
1669865092,20221201,16604914064,11500000,52%,24184000,100,12,normal,144,681
1669945209,20221202,16604914064,11500000,52%,24184000,100,12,normal,144,681
1669984615,20221202,16604914064,11500000,52%,24184000,100,12,normal,144,682
1669998458,20221202,16604914064,11500000,52%,24184000,99,12,normal,144,682
1670023179,20221202,16604914064,11500000,52%,24184000,99,12,normal,145,682
1670031346,20221203,16604914064,11500000,52%,24184000,99,12,normal,145,682
1670096274,20221203,16604914064,11500000,52%,24184000,99,13,normal,145,682
1670118121,20221204,16604914064,11500000,52%,24184000,99,13,normal,145,683
1670204467,20221205,16604914064,11500000,52%,24184000,99,13,normal,145,683
1670210479,20221205,16604914064,24184000,,0,10099,13,normal,145,683
1670211603,20221205,16604914064,24184000,,0,10099,13,normal,145,683
1670214306,20221205,16604914064,24184000,,0,10099,13,normal,145,683
1670215396,20221205,16604914064,24184000,,0,10099,13,normal,145,683
1670217520,20221205,16604914064,24184000,,0,10099,13,normal,145,683
1670218683,20221205,16604914064,24184000,,0,10099,13,normal,145,683
1670221519,20221205,16604914064,24184000,,0,10099,13,normal,145,683
1670222599,20221205,16604914064,24184000,,0,10099,13,normal,145,683
1670224685,20221205,16604914064,24184000,,0,10099,13,normal,145,683
1670225887,20221205,16604914064,24184000,,0,10099,13,normal,145,683
1670228771,20221205,16604914064,24184000,,0,10099,13,normal,145,683
1670229790,20221205,16604914064,24184000,,0,10099,13,normal,145,683
1670231980,20221205,16604914064,24184000,,0,10099,13,normal,145,683
1670233122,20221205,16604914064,12092000,50%,24184000,10099,13,normal,145,683
1670260674,20221205,16604914064,12092000,50%,24184000,10099,13,normal,145,684
1670290755,20221206,16604914064,12092000,50%,24184000,10099,13,normal,145,684
1670334222,20221206,16604914064,12092000,50%,24184000,10099,13,normal,145,683
1670355495,20221206,16604914064,12092000,50%,24184000,10099,12,normal,145,683
1670377480,20221207,16604914064,12092000,50%,24184000,10099,12,normal,145,683
1670463624,20221208,16604914064,12092000,50%,24184000,10099,12,normal,145,683
1670492332,20221208,16604914064,12092000,50%,24184000,10299,12,normal,145,683
1670503059,20221208,16604914064,12092000,50%,24184000,10299,12,normal,146,682
1670505967,20221208,16604914064,12092000,50%,24184000,10299,12,normal,146,681
1670528281,20221208,16604914064,12092000,50%,24184000,10299,13,normal,146,681
1670550232,20221209,16604914064,12092000,50%,24184000,10298,13,normal,146,682
1670584584,20221209,16604914064,12092000,50%,24184000,10198,13,normal,146,682
1670620646,20221209,16604914064,12092000,50%,24184000,10198,13,normal,146,683
1670636229,20221210,16604914064,12092000,50%,24184000,10198,13,normal,146,683
1670703581,20221210,16604914064,12092000,50%,24184000,10198,11,normal,146,683
1670723283,20221211,16604914064,12092000,50%,24184000,10198,11,normal,146,683
1670765899,20221211,16604914064,12092000,50%,24184000,10198,11,normal,146,684
1670789994,20221211,16604914064,12092000,50%,24184000,10198,10,normal,146,684
1670809439,20221212,16604914064,12092000,50%,24184000,10198,10,normal,146,683
1670815493,20221212,16604914064,11500000,52%,24184000,100,10,normal,146,683
1670862566,20221212,16604914064,11500000,52%,24184000,100,10,normal,146,684
1670895995,20221213,16604914064,11500000,52%,24184000,100,10,normal,146,684
1670902059,20221213,16604914064,12092000,50%,24184000,10298,10,normal,146,684
1670962866,20221213,16604914064,12092000,50%,24184000,10298,8,normal,146,684
1670971154,20221213,16604914064,12092000,50%,24184000,10298,8,normal,146,683
1670982164,20221214,16604914064,12092000,50%,24184000,10298,8,normal,146,683
1671009556,20221214,16604914064,12092000,50%,24184000,10298,8,normal,147,683
1671068707,20221215,16604914064,12092000,50%,24184000,10298,8,normal,147,683
1671088676,20221215,16604914064,12092000,50%,24184000,10294,8,normal,147,683
1671124684,20221215,16604914064,12092000,50%,24184000,10293,8,normal,147,683
1671154454,20221216,16604914064,12092000,50%,24184000,10293,8,normal,147,684
1671222003,20221216,16604914064,12092000,50%,24184000,10293,7,normal,147,684
1671240868,20221217,16604914064,12092000,50%,24184000,10293,7,normal,147,684
1671269873,20221217,16604914064,12092000,50%,24184000,10289,7,normal,147,684
1671308283,20221217,16604914064,12092000,50%,24184000,10289,7,normal,147,685
1671327360,20221218,16604914064,12092000,50%,24184000,10289,7,normal,147,685
1671347739,20221218,16604914064,12092000,50%,24184000,10289,7,normal,147,686
1671383729,20221218,16604914064,12092000,50%,24184000,10289,7,normal,147,685
1671413631,20221219,16604914064,12092000,50%,24184000,10289,7,normal,147,685
1671445341,20221219,16604914064,12092000,50%,24184000,10389,7,normal,147,685
1671481277,20221219,16604914064,12092000,50%,24184000,10389,6,normal,147,685
1671500219,20221220,16604914064,12092000,50%,24184000,10389,6,normal,147,685
1671506436,20221220,16604914064,12050000,50%,24184000,10389,6,normal,147,685
1671578354,20221220,16604914064,12050000,50%,24184000,10389,6,normal,147,684
1671586402,20221221,16604914064,12050000,50%,24184000,10389,6,normal,147,684
1671672938,20221222,16604914064,12050000,50%,24184000,10389,6,normal,147,684
1671759362,20221223,16604914064,12050000,50%,24184000,10389,6,normal,147,684
1671817078,20221223,16604914064,12050000,50%,24184000,10388,6,normal,147,684
1671845078,20221224,16604914064,12050000,50%,24184000,10388,6,normal,147,684
1671932403,20221225,16604914064,12050000,50%,24184000,10388,6,normal,147,684
1671999510,20221225,16604914064,12050000,50%,24184000,10388,5,normal,147,684
1672018576,20221226,16604914064,12050000,50%,24184000,10388,5,normal,147,684
1672071933,20221226,16604914064,12050000,50%,24184000,10388,5,normal,147,685
1672085950,20221226,16604914064,12050000,50%,24184000,10388,4,normal,147,685
1672104897,20221227,16604914064,12050000,50%,24184000,10388,4,normal,147,685
1672191316,20221228,16604914064,12050000,50%,24184000,10388,4,normal,147,685
1672252846,20221228,16604914064,12050000,50%,24184000,10388,4,normal,148,685
1672277861,20221229,16604914064,12050000,50%,24184000,10388,4,normal,148,685
1672284054,20221229,16604914064,12050000,50%,24184000,10385,4,normal,148,685
1672342677,20221229,16604914064,12050000,50%,24184000,10385,5,normal,148,685
1672364265,20221230,16604914064,12050000,50%,24184000,10385,5,normal,148,685
1672367995,20221230,16604914064,12050000,50%,24184000,10385,5,normal,149,685
1672450520,20221231,16604914064,12050000,50%,24184000,10385,5,normal,149,685
1672537846,20230101,16604914064,12050000,50%,24184000,10385,5,normal,149,685
1672623379,20230102,16604914064,12050000,50%,24184000,10385,5,normal,149,685
1672690748,20230102,16604914064,12050000,50%,24184000,10385,4,normal,149,685
1672709758,20230103,16604914064,12050000,50%,24184000,10385,4,normal,149,685
1672713451,20230103,16604914064,12050000,50%,24184000,10385,4,normal,149,686
1672796246,20230104,16604914064,12050000,50%,24184000,10385,4,normal,149,686
1672820663,20230104,16604914064,24184000,,0,10385,4,normal,149,686
1672821669,20230104,16604914064,24184000,,0,10385,4,normal,149,686
1672823918,20230104,16604914064,24184000,,0,10385,4,normal,149,686
1672825113,20230104,16604914064,24184000,,0,10385,4,normal,149,686
1672827690,20230104,16604914064,24184000,,0,10385,4,normal,149,686
1672828678,20230104,16604914064,24184000,,0,10385,4,normal,149,686
1672830977,20230104,16604914064,24184000,,0,10385,4,normal,149,686
1672832281,20230104,16604914064,24184000,,0,10385,4,normal,149,686
1672835824,20230104,16604914064,24184000,,0,10385,4,normal,149,686
1672838703,20230104,16604914064,24184000,,0,10385,4,normal,149,686
1672839541,20230104,16604914064,24184000,,0,10385,4,normal,149,686
1672841943,20230104,16604914064,24184000,,0,10385,4,normal,149,686
1672843202,20230104,16604914064,24184000,,0,10385,4,normal,149,686
1672845790,20230104,16604914064,24184000,,0,10385,4,normal,149,686
1672847025,20230104,16604914064,24184000,,0,10385,4,normal,149,686
1672850021,20230104,16604914064,24184000,,0,10385,4,normal,149,686
1672852779,20230104,16604914064,24184000,,0,10385,4,normal,149,686
1672853940,20230104,16604914064,24184000,,0,10385,4,normal,149,686
1672856662,20230104,16604914064,24184000,,0,10385,4,normal,149,686
1672857752,20230104,16604914064,24184000,,0,10385,4,normal,149,686
1672859859,20230104,16604914064,24184000,,0,10385,4,normal,149,686
1672861090,20230104,16604914064,24184000,,0,10385,4,normal,149,686
1672863650,20230104,16604914064,24184000,,0,10385,4,normal,149,686
1672864727,20230104,16604914064,24184000,,0,10385,4,normal,149,686
1672867048,20230104,16604914064,24184000,,0,10385,4,normal,149,686
1672868302,20230104,16604914064,24184000,,0,10385,4,normal,149,686
1672870710,20230104,16604914064,24184000,,0,10385,4,normal,149,685
1672871899,20230104,16604914064,24184000,,0,10385,4,normal,149,685
1672874354,20230104,16604914064,24184000,,0,10385,4,normal,149,685
1672875515,20230104,16604914064,24184000,,0,10385,4,normal,149,685
1672882905,20230105,16604914064,24184000,,0,10385,4,normal,149,685
1672886557,20230105,16604914064,24184000,,0,10385,4,normal,149,685
1672888818,20230105,16604914064,24184000,,0,10385,4,normal,149,685
1672889910,20230105,16604914064,24184000,,0,10385,4,normal,149,685
1672892631,20230105,16604914064,24184000,,0,10385,4,normal,149,685
1672893713,20230105,16604914064,24184000,,0,10385,4,normal,149,685
1672895904,20230105,16604914064,24184000,,0,10385,4,normal,149,685
1672897081,20230105,16604914064,24184000,,0,10385,4,normal,149,685
1672899763,20230105,16604914064,24184000,,0,10385,4,normal,149,685
